[ 9842379ms] [LOG] [HMR] connected @ http://localhost:5173/_next/static/chunks/node_modules_next_dist_115brz8._.js:2431
[15629385ms] [LOG] [Fast Refresh] rebuilding @ http://localhost:5173/_next/static/chunks/node_modules_next_dist_115brz8._.js:2431
[15629564ms] [LOG] [Fast Refresh] done in 291ms @ http://localhost:5173/_next/static/chunks/node_modules_next_dist_115brz8._.js:2431
[15630236ms] [LOG] [Fast Refresh] rebuilding @ http://localhost:5173/_next/static/chunks/node_modules_next_dist_115brz8._.js:2431
[15630272ms] [LOG] [Fast Refresh] done in 138ms @ http://localhost:5173/_next/static/chunks/node_modules_next_dist_115brz8._.js:2431
[15891026ms] [ERROR] WebSocket connection to 'ws://localhost:5173/_next/webpack-hmr?id=C_c2neaw5SpEONwsDvmrh' failed: Error in connection establishment: net::ERR_CONNECTION_REFUSED @ http://localhost:5173/_next/static/chunks/node_modules_next_dist_client_0fhqo1d._.js:13299
[15892032ms] [ERROR] WebSocket connection to 'ws://localhost:5173/_next/webpack-hmr?id=C_c2neaw5SpEONwsDvmrh' failed: Error in connection establishment: net::ERR_CONNECTION_REFUSED @ http://localhost:5173/_next/static/chunks/node_modules_next_dist_client_0fhqo1d._.js:13299
[15893034ms] [ERROR] WebSocket connection to 'ws://localhost:5173/_next/webpack-hmr?id=C_c2neaw5SpEONwsDvmrh' failed: Error in connection establishment: net::ERR_CONNECTION_REFUSED @ http://localhost:5173/_next/static/chunks/node_modules_next_dist_client_0fhqo1d._.js:13299
[15894039ms] [ERROR] WebSocket connection to 'ws://localhost:5173/_next/webpack-hmr?id=C_c2neaw5SpEONwsDvmrh' failed: Error in connection establishment: net::ERR_CONNECTION_REFUSED @ http://localhost:5173/_next/static/chunks/node_modules_next_dist_client_0fhqo1d._.js:13299
[15895045ms] [ERROR] WebSocket connection to 'ws://localhost:5173/_next/webpack-hmr?id=C_c2neaw5SpEONwsDvmrh' failed: Error in connection establishment: net::ERR_CONNECTION_REFUSED @ http://localhost:5173/_next/static/chunks/node_modules_next_dist_client_0fhqo1d._.js:13299
[15900055ms] [ERROR] WebSocket connection to 'ws://localhost:5173/_next/webpack-hmr?id=C_c2neaw5SpEONwsDvmrh' failed: Error in connection establishment: net::ERR_CONNECTION_REFUSED @ http://localhost:5173/_next/static/chunks/node_modules_next_dist_client_0fhqo1d._.js:13299
[15905071ms] [ERROR] WebSocket connection to 'ws://localhost:5173/_next/webpack-hmr?id=C_c2neaw5SpEONwsDvmrh' failed: Error in connection establishment: net::ERR_CONNECTION_REFUSED @ http://localhost:5173/_next/static/chunks/node_modules_next_dist_client_0fhqo1d._.js:13299
[15910096ms] [ERROR] WebSocket connection to 'ws://localhost:5173/_next/webpack-hmr?id=C_c2neaw5SpEONwsDvmrh' failed: Error in connection establishment: net::ERR_CONNECTION_REFUSED @ http://localhost:5173/_next/static/chunks/node_modules_next_dist_client_0fhqo1d._.js:13299
[15915118ms] [ERROR] WebSocket connection to 'ws://localhost:5173/_next/webpack-hmr?id=C_c2neaw5SpEONwsDvmrh' failed: Error in connection establishment: net::ERR_CONNECTION_REFUSED @ http://localhost:5173/_next/static/chunks/node_modules_next_dist_client_0fhqo1d._.js:13299
[15920186ms] [ERROR] WebSocket connection to 'ws://localhost:5173/_next/webpack-hmr?id=C_c2neaw5SpEONwsDvmrh' failed: Error in connection establishment: net::ERR_CONNECTION_REFUSED @ http://localhost:5173/_next/static/chunks/node_modules_next_dist_client_0fhqo1d._.js:13299
[15925291ms] [ERROR] WebSocket connection to 'ws://localhost:5173/_next/webpack-hmr?id=C_c2neaw5SpEONwsDvmrh' failed: Error in connection establishment: net::ERR_CONNECTION_REFUSED @ http://localhost:5173/_next/static/chunks/node_modules_next_dist_client_0fhqo1d._.js:13299
[15930502ms] [ERROR] WebSocket connection to 'ws://localhost:5173/_next/webpack-hmr?id=C_c2neaw5SpEONwsDvmrh' failed: Error in connection establishment: net::ERR_CONNECTION_REFUSED @ http://localhost:5173/_next/static/chunks/node_modules_next_dist_client_0fhqo1d._.js:13299
[45433002ms] [INFO] %cDownload the React DevTools for a better development experience: https://react.dev/link/react-devtools font-weight:bold @ http://localhost:5173/_next/static/chunks/node_modules_next_dist_115brz8._.js:2431
[45433087ms] [LOG] [HMR] connected @ http://localhost:5173/_next/static/chunks/node_modules_next_dist_115brz8._.js:2431
[45944923ms] [LOG] [HMR] connected @ http://localhost:5173/_next/static/chunks/node_modules_next_dist_115brz8._.js:2431
[46047007ms] [LOG] [HMR] connected @ http://localhost:5173/_next/static/chunks/node_modules_next_dist_115brz8._.js:2431
[47094559ms] [LOG] [HMR] connected @ http://localhost:5173/_next/static/chunks/node_modules_next_dist_115brz8._.js:2431
[72988818ms] [LOG] [HMR] connected @ http://localhost:5173/_next/static/chunks/node_modules_next_dist_115brz8._.js:2431
[73742905ms] [ERROR] WebSocket connection to 'ws://localhost:5173/_next/webpack-hmr?id=dTSXo2MXdlaBJ4r6UNXri' failed: Error in connection establishment: net::ERR_CONNECTION_REFUSED @ http://localhost:5173/_next/static/chunks/node_modules_next_dist_client_0fhqo1d._.js:13299
[73743917ms] [ERROR] WebSocket connection to 'ws://localhost:5173/_next/webpack-hmr?id=dTSXo2MXdlaBJ4r6UNXri' failed: Error in connection establishment: net::ERR_CONNECTION_REFUSED @ http://localhost:5173/_next/static/chunks/node_modules_next_dist_client_0fhqo1d._.js:13299
[73744919ms] [ERROR] WebSocket connection to 'ws://localhost:5173/_next/webpack-hmr?id=dTSXo2MXdlaBJ4r6UNXri' failed: Error in connection establishment: net::ERR_CONNECTION_REFUSED @ http://localhost:5173/_next/static/chunks/node_modules_next_dist_client_0fhqo1d._.js:13299
[73745927ms] [ERROR] WebSocket connection to 'ws://localhost:5173/_next/webpack-hmr?id=dTSXo2MXdlaBJ4r6UNXri' failed: Error in connection establishment: net::ERR_CONNECTION_REFUSED @ http://localhost:5173/_next/static/chunks/node_modules_next_dist_client_0fhqo1d._.js:13299
[73746933ms] [ERROR] WebSocket connection to 'ws://localhost:5173/_next/webpack-hmr?id=dTSXo2MXdlaBJ4r6UNXri' failed: Error in connection establishment: net::ERR_CONNECTION_REFUSED @ http://localhost:5173/_next/static/chunks/node_modules_next_dist_client_0fhqo1d._.js:13299
[73751937ms] [ERROR] WebSocket connection to 'ws://localhost:5173/_next/webpack-hmr?id=dTSXo2MXdlaBJ4r6UNXri' failed: Error in connection establishment: net::ERR_CONNECTION_REFUSED @ http://localhost:5173/_next/static/chunks/node_modules_next_dist_client_0fhqo1d._.js:13299
